// Jest Snapshot v1, https://goo.gl/fbAQLP

exports[`card 1`] = `<View />`;
